// Vitest Snapshot v1, https://vitest.dev/guide/snapshot.html

exports[`Bar Chart > should match snapshot 1`] = `
<DocumentFragment>
  <canvas
    height="150"
    role="img"
    width="300"
  />
</DocumentFragment>
`;
